// Jest Snapshot v1, https://goo.gl/fbAQLP

exports[`should match the object returned by mkCreate() 1`] = `
Object {
  "chars": Array [
    Object {
      "maskedValueLengthConditions": Array [],
      "regExp": /\\[0-9\\]/,
      "repetitions": 4,
      "type": "MASKOSE_CHAR_NUM_TYPE",
      "valueToBeMaskedLengthConditions": Array [],
    },
    Object {
      "maskedValueLengthConditions": Array [],
      "regExp": /\\[A-Z\\]/i,
      "repetitions": 1,
      "type": "MASKOSE_CHAR_LETTER_TYPE",
      "valueToBeMaskedLengthConditions": Array [],
    },
    Object {
      "chars": Array [
        Object {
          "maskedValueLengthConditions": Array [],
          "regExp": /\\[0-9\\]/,
          "repetitions": 1,
          "type": "MASKOSE_CHAR_NUM_TYPE",
          "valueToBeMaskedLengthConditions": Array [],
        },
        Object {
          "maskedValueLengthConditions": Array [],
          "regExp": /\\[A-Z\\]/i,
          "repetitions": 1,
          "type": "MASKOSE_CHAR_LETTER_TYPE",
          "valueToBeMaskedLengthConditions": Array [],
        },
      ],
      "maskedValueLengthConditions": Array [],
      "repetitions": 2,
      "type": "MASKOSE_CHAR_GROUP_TYPE",
      "valueToBeMaskedLengthConditions": Array [],
    },
    Object {
      "char": ")",
      "maskedValueLengthConditions": Array [
        Object {
          "num": 2,
          "type": "eq",
        },
      ],
      "regExp": /\\\\\\)/,
      "repetitions": 1,
      "type": "MASKOSE_CHAR_TO_BE_PUT_TYPE",
      "valueToBeMaskedLengthConditions": Array [
        Object {
          "num": 2,
          "type": "eq",
        },
      ],
    },
    Object {
      "char": "K",
      "maskedValueLengthConditions": Array [],
      "regExp": /K/,
      "repetitions": 1,
      "type": "MASKOSE_CHAR_TO_BE_PUT_TYPE",
      "valueToBeMaskedLengthConditions": Array [],
    },
    Object {
      "maskedValueLengthConditions": Array [],
      "regExp": /\\[0-9\\]/,
      "repetitions": 1,
      "type": "MASKOSE_CHAR_NUM_TYPE",
      "valueToBeMaskedLengthConditions": Array [],
    },
    Object {
      "char": "B",
      "maskedValueLengthConditions": Array [],
      "regExp": /B/,
      "repetitions": 1,
      "type": "MASKOSE_CHAR_SPECIFIC_TYPE",
      "valueToBeMaskedLengthConditions": Array [],
    },
    Object {
      "chars": Array [
        Object {
          "maskedValueLengthConditions": Array [],
          "regExp": /\\[0-9\\]/,
          "repetitions": 1,
          "type": "MASKOSE_CHAR_NUM_TYPE",
          "valueToBeMaskedLengthConditions": Array [],
        },
        Object {
          "maskedValueLengthConditions": Array [],
          "regExp": /\\[A-Z\\]/i,
          "repetitions": 1,
          "type": "MASKOSE_CHAR_LETTER_TYPE",
          "valueToBeMaskedLengthConditions": Array [],
        },
      ],
      "maskedValueLengthConditions": Array [],
      "repetitions": 1,
      "type": "MASKOSE_CHAR_GROUP_TYPE",
      "valueToBeMaskedLengthConditions": Array [],
    },
  ],
  "direction": "left-to-right",
  "endless": false,
}
`;
