// Jest Snapshot v1, https://goo.gl/fbAQLP

exports[`should match the object returned by mkCharNum() 1`] = `
Object {
  "regExp": /\\[0-9\\]/,
  "repetitions": 1,
  "type": "MASKOSE_CHAR_NUM_TYPE",
  "valueLengthConditions": Array [],
}
`;
