// Jest Snapshot v1, https://goo.gl/fbAQLP

exports[`should match the object returned by mkCharSpecific() 1`] = `
Object {
  "char": "E",
  "regExp": /E/,
  "repetitions": 1,
  "type": "MASKOSE_CHAR_SPECIFIC_TYPE",
  "valueLengthConditions": Array [],
}
`;
