// Jest Snapshot v1, https://goo.gl/fbAQLP

exports[`should match the object returned by mkCharToBePut() 1`] = `
Object {
  "char": "(",
  "maskedValueLengthConditions": Array [],
  "regExp": /\\\\\\(/,
  "repetitions": 1,
  "type": "MASKOSE_CHAR_TO_BE_PUT_TYPE",
  "valueToBeMaskedLengthConditions": Array [],
}
`;
